   1               		.file	"main.c"
   2               	__SREG__ = 0x3f
   3               	__SP_H__ = 0x3e
   4               	__SP_L__ = 0x3d
   5               	__CCP__  = 0x34
   6               	__tmp_reg__ = 0
   7               	__zero_reg__ = 1
  15               	.Ltext0:
  16               	.global	main
  18               	main:
  19               	.LFB6:
  20               	.LM1:
  21               	/* prologue: function */
  22               	/* frame size = 0 */
  23               	.LM2:
  24 0000 80E0      		ldi r24,lo8(0)
  25 0002 0E94 0000 		call LCDInit
  26               	.LM3:
  27 0006 81E0      		ldi r24,lo8(1)
  28 0008 60E0      		ldi r22,lo8(0)
  29 000a 0E94 0000 		call LCDByte
  30               	.LM4:
  31 000e 8FEF      		ldi r24,lo8(1023)
  32 0010 93E0      		ldi r25,hi8(1023)
  33 0012 64E0      		ldi r22,lo8(4)
  34 0014 70E0      		ldi r23,hi8(4)
  35 0016 0E94 0000 		call LCDWriteInt
  36               	.L2:
  37 001a 00C0      		rjmp .L2
  38               	.LFE6:
  64               	.Letext0:
DEFINED SYMBOLS
                            *ABS*:00000000 main.c
C:\Users\AB47\AppData\Local\Temp/ccEoCvUh.s:2      *ABS*:0000003f __SREG__
C:\Users\AB47\AppData\Local\Temp/ccEoCvUh.s:3      *ABS*:0000003e __SP_H__
C:\Users\AB47\AppData\Local\Temp/ccEoCvUh.s:4      *ABS*:0000003d __SP_L__
C:\Users\AB47\AppData\Local\Temp/ccEoCvUh.s:5      *ABS*:00000034 __CCP__
C:\Users\AB47\AppData\Local\Temp/ccEoCvUh.s:6      *ABS*:00000000 __tmp_reg__
C:\Users\AB47\AppData\Local\Temp/ccEoCvUh.s:7      *ABS*:00000001 __zero_reg__
C:\Users\AB47\AppData\Local\Temp/ccEoCvUh.s:18     .text:00000000 main

UNDEFINED SYMBOLS
LCDInit
LCDByte
LCDWriteInt
